../Core/Inc/DSP/DSP_IC_1.h:4415:6:default_download_IC_1	8	static
../Core/Src/main.c:108:5:main	432	static
../Core/Src/main.c:465:6:SystemClock_Config	88	static
../Core/Src/main.c:509:13:MX_ADC1_Init	24	static
../Core/Src/main.c:671:13:MX_I2C1_Init	8	static
../Core/Src/main.c:705:13:MX_I2C2_Init	8	static
../Core/Src/main.c:739:13:MX_I2C3_Init	8	static
../Core/Src/main.c:773:13:MX_TIM2_Init	32	static
../Core/Src/main.c:818:13:MX_TIM4_Init	32	static
../Core/Src/main.c:861:13:MX_DMA_Init	16	static
../Core/Src/main.c:879:13:MX_GPIO_Init	48	static
../Core/Src/main.c:931:6:SIGMA_WRITE_REGISTER_BLOCK	40	static
../Core/Src/main.c:936:6:SIGMA_WRITE_DELAY	16	static
../Core/Src/main.c:941:6:HAL_ADC_ConvCpltCallback	32	static
../Core/Src/main.c:1015:6:delay_us	16	static
../Core/Src/main.c:1027:6:Error_Handler	4	static,ignoring_inline_asm
